

*******************************************************************************
Thu Oct 23 10:56:17 2025


FIT:    data read from 'data2.txt' index 0 using 1:2
        format = x:z
        #datapoints = 8
        residuals are weighted equally (unit weight)

function used for fitting: f(x)
	f(x) = a*x + b
fitted parameters initialized with current variable values

iter      chisq       delta/lim  lambda   a             b            
   0 5.2632386182e+08   0.00e+00  4.14e+02    1.000000e+00   1.000000e+00
   6 6.8172937297e+07  -2.11e-04  4.14e-04   -1.129508e+01   1.117888e+04

After 6 iterations the fit converged.
final sum of squares of residuals : 6.81729e+07
rel. change during last iteration : -2.10893e-09

degrees of freedom    (FIT_NDF)                        : 6
rms of residuals      (FIT_STDFIT) = sqrt(WSSR/ndf)    : 3370.78
variance of residuals (reduced chisquare) = WSSR/ndf   : 1.13622e+07

Final set of parameters            Asymptotic Standard Error
=======================            ==========================
a               = -11.2951         +/- 3.041        (26.93%)
b               = 11178.9          +/- 1779         (15.92%)

correlation matrix of the fit parameters:
                a      b      
a               1.000 
b              -0.743  1.000 


*******************************************************************************
Thu Oct 23 11:09:06 2025


FIT:    data read from 'data.txt' using 1:2
        format = x:z
        #datapoints = 8
        residuals are weighted equally (unit weight)

function used for fitting: f(x)
	f(x) = a*x + b
fitted parameters initialized with current variable values

Warning: Initial value of parameter 'b' is zero.
iter      chisq       delta/lim  lambda   a             b            
   0 2.7271248856e+06   0.00e+00  4.14e+02    1.000000e+00   1.000000e-30
BREAK: Singular matrix in Invert_RtR

*******************************************************************************
Thu Oct 23 11:09:37 2025


FIT:    data read from 'data.txt' using 1:2
        format = x:z
        #datapoints = 8
        residuals are weighted equally (unit weight)

function used for fitting: f(x)
	f(x) = a*x + b
fitted parameters initialized with current variable values

Warning: Initial value of parameter 'b' is zero.
iter      chisq       delta/lim  lambda   a             b            
   0 2.7271248856e+06   0.00e+00  4.14e+02    1.000000e+00   1.000000e-30
BREAK: Singular matrix in Invert_RtR